src/pages/HomePage.tsx(104,42): error TS1351: An identifier or keyword cannot immediately follow a numeric literal.
src/pages/HomePage.tsx(104,46): error TS1005: '}' expected.
src/pages/HomePage.tsx(104,56): error TS1003: Identifier expected.
src/pages/HomePage.tsx(104,57): error TS1382: Unexpected token. Did you mean `{'>'}` or `&gt;`?
src/pages/HomePage.tsx(106,19): error TS17002: Expected corresponding JSX closing tag for 'div'.
src/pages/HomePage.tsx(107,17): error TS17002: Expected corresponding JSX closing tag for 'Card'.
src/pages/HomePage.tsx(108,13): error TS1005: ')' expected.
src/pages/HomePage.tsx(108,15): error TS17002: Expected corresponding JSX closing tag for 'div'.
src/pages/HomePage.tsx(109,12): error TS1381: Unexpected token. Did you mean `{'}'}` or `&rbrace;`?
src/pages/HomePage.tsx(113,7): error TS1005: ')' expected.
src/pages/HomePage.tsx(141,7): error TS2657: JSX expressions must have one parent element.
src/pages/HomePage.tsx(193,5): error TS1128: Declaration or statement expected.
src/pages/HomePage.tsx(194,3): error TS1109: Expression expected.
